// Jest Snapshot v1, https://goo.gl/fbAQLP

exports[`<Request /> SHOULD match with snapshot WHEN all data in 1`] = `
<div>
  <div
    class="sc-bdVaJa bDWFJH"
  >
    <div
      data-testid="from"
    >
      <h2>
        From
      </h2>
      <div
        class="checkbox"
      >
        <input
          data-testid="a"
          name="From"
          type="checkbox"
          value="a"
        />
        <label>
          a
        </label>
      </div>
      <div
        class="checkbox"
      >
        <input
          data-testid="b"
          name="From"
          type="checkbox"
          value="b"
        />
        <label>
          b
        </label>
      </div>
      <div
        class="checkbox"
      >
        <input
          data-testid="c"
          name="From"
          type="checkbox"
          value="c"
        />
        <label>
          c
        </label>
      </div>
    </div>
    <div
      data-testid="to"
    >
      <h2>
        To
      </h2>
      <div
        class="checkbox"
      >
        <input
          data-testid="x"
          name="To"
          type="checkbox"
          value="x"
        />
        <label>
          x
        </label>
      </div>
      <div
        class="checkbox"
      >
        <input
          data-testid="y"
          name="To"
          type="checkbox"
          value="y"
        />
        <label>
          y
        </label>
      </div>
      <div
        class="checkbox"
      >
        <input
          data-testid="c"
          name="To"
          type="checkbox"
          value="c"
        />
        <label>
          c
        </label>
      </div>
    </div>
    <div
      data-testid="minimumPassenger"
    >
      <h2>
        Minimum Passenger
      </h2>
      <div
        class="checkbox"
      >
        <input
          data-testid="2"
          name="minimumPassenger"
          type="checkbox"
          value="2"
        />
        <label>
          2
        </label>
      </div>
      <div
        class="checkbox"
      >
        <input
          data-testid="3"
          name="minimumPassenger"
          type="checkbox"
          value="3"
        />
        <label>
          3
        </label>
      </div>
      <div
        class="checkbox"
      >
        <input
          data-testid="4"
          name="minimumPassenger"
          type="checkbox"
          value="4"
        />
        <label>
          4
        </label>
      </div>
    </div>
    <button
      class="MuiButtonBase-root MuiButton-root MuiButton-text MuiButton-text"
      tabindex="0"
      type="button"
    >
      <span
        class="MuiButton-label"
      >
        Carpool Request
      </span>
      <span
        class="MuiTouchRipple-root"
      />
    </button>
  </div>
</div>
`;

exports[`<Request /> SHOULD match with snapshot WHEN user is null 1`] = `<div />`;
