// Jest Snapshot v1, https://goo.gl/fbAQLP

exports[`<IntroPage /> SHOULD match with snapshot 1`] = `
<div>
  <div>
    Intro Page!
  </div>
</div>
`;
