// Jest Snapshot v1, https://goo.gl/fbAQLP

exports[`<DetailPage /> SHOULD match with snapshot 1`] = `<div />`;
