// Jest Snapshot v1, https://goo.gl/fbAQLP

exports[`<LoginForm /> SHOULD match with snapshot 1`] = `
<div>
  <div>
    <input />
    <button>
      Submit
    </button>
  </div>
</div>
`;
