// Jest Snapshot v1, https://goo.gl/fbAQLP

exports[`<WaitingSection /> SHOULD match with snapshot 1`] = `
<div>
  <div
    class="makeStyles-root-1"
  >
    <div
      class="makeStyles-title-2"
    >
      <h4
        class="MuiTypography-root MuiTypography-h4"
      >
        We are making carpool group
      </h4>
    </div>
    <div
      class="makeStyles-progress-3"
    >
      <div
        class="MuiCircularProgress-root MuiCircularProgress-colorPrimary MuiCircularProgress-indeterminate"
        role="progressbar"
        style="width: 40px; height: 40px;"
      >
        <svg
          class="MuiCircularProgress-svg"
          viewBox="22 22 44 44"
        >
          <circle
            class="MuiCircularProgress-circle MuiCircularProgress-circleIndeterminate"
            cx="44"
            cy="44"
            fill="none"
            r="20.2"
            stroke-width="3.6"
          />
        </svg>
      </div>
    </div>
    <div
      class="makeStyles-quote-4"
    >
      <p
        class="MuiTypography-root MuiTypography-body1"
      />
    </div>
  </div>
</div>
`;
