// Jest Snapshot v1, https://goo.gl/fbAQLP

exports[`<Map /> should match with snapshot - default 1`] = `
<div>
  <div
    class="makeStyles-root-1 makeStyles-root-2"
  >
    <div
      style="width: 100%; height: 100%; margin: 0px; padding: 0px; position: relative;"
    >
      <div
        style="width: 100%; height: 100%; left: 0px; top: 0px; margin: 0px; padding: 0px; position: absolute;"
      />
      <div
        style="width: 50%; height: 50%; left: 50%; top: 50%; margin: 0px; padding: 0px; position: absolute;"
      >
        <div
          style="width: 100%; height: 100%; left: 0px; top: 0px; margin: 0px; padding: 0px; position: absolute;"
        >
          <div
            style="width: 0px; height: 0px; left: 0px; top: 0px; background-color: transparent; position: absolute;"
          >
            <button
              class="MuiButtonBase-root MuiIconButton-root makeStyles-root-3"
              tabindex="0"
              type="button"
            >
              <span
                class="MuiIconButton-label"
              >
                <svg
                  aria-hidden="true"
                  class="MuiSvgIcon-root makeStyles-icon-4 MuiSvgIcon-colorSecondary"
                  focusable="false"
                  role="presentation"
                  viewBox="0 0 24 24"
                >
                  <path
                    d="M12 2c-4.97 0-9 4.03-9 9 0 4.17 2.84 7.67 6.69 8.69L12 22l2.31-2.31C18.16 18.67 21 15.17 21 11c0-4.97-4.03-9-9-9zm0 2c1.66 0 3 1.34 3 3s-1.34 3-3 3-3-1.34-3-3 1.34-3 3-3zm0 14.3c-2.5 0-4.71-1.28-6-3.22.03-1.99 4-3.08 6-3.08 1.99 0 5.97 1.09 6 3.08-1.29 1.94-3.5 3.22-6 3.22z"
                  />
                </svg>
              </span>
              <span
                class="MuiTouchRipple-root"
              />
            </button>
          </div>
        </div>
      </div>
    </div>
  </div>
</div>
`;
