// Jest Snapshot v1, https://goo.gl/fbAQLP

exports[`<Login /> SHOULD match with snapshot 1`] = `
<div>
  <div
    class="makeStyles-root-1"
  >
    <div
      class="makeStyles-whiteBox-3"
    >
      <div
        class="makeStyles-container-2"
      >
        <h3
          class="MuiTypography-root MuiTypography-h3"
        >
          Login to Ya-Ta!
        </h3>
      </div>
      <div
        class="makeStyles-container-2"
      >
        <input
          id="email-input"
          name="email"
          placeholder="email"
          type="text"
          value="email"
        />
      </div>
      <div
        class="makeStyles-container-2"
      >
        <input
          id="password-input"
          name="password"
          placeholder="password"
          type="password"
          value="password"
        />
      </div>
      <div
        class="makeStyles-container-2"
      >
        <div
          class="makeStyles-button-4"
          fullwidth="false"
          variant="contained"
        >
          Login
        </div>
        <div
          class="makeStyles-button-4"
          fullwidth="false"
          variant="contained"
        >
          Register
        </div>
      </div>
    </div>
  </div>
</div>
`;
