// Jest Snapshot v1, https://goo.gl/fbAQLP

exports[`<Checkbox /> SHOULD match with snapshot 1`] = `
<div>
  <div>
    <label
      class="MuiFormControlLabel-root"
      data-testid="SNU"
    >
      <span
        aria-disabled="false"
        class="MuiButtonBase-root MuiIconButton-root PrivateSwitchBase-root-13 MuiCheckbox-root MuiCheckbox-colorPrimary PrivateSwitchBase-checked-14 Mui-checked MuiIconButton-colorPrimary"
      >
        <span
          class="MuiIconButton-label"
        >
          <input
            checked=""
            class="PrivateSwitchBase-input-16"
            data-indeterminate="false"
            name="from"
            type="checkbox"
            value="SNU"
          />
          <svg
            aria-hidden="true"
            class="MuiSvgIcon-root"
            focusable="false"
            role="presentation"
            viewBox="0 0 24 24"
          >
            <path
              d="M19 3H5c-1.11 0-2 .9-2 2v14c0 1.1.89 2 2 2h14c1.11 0 2-.9 2-2V5c0-1.1-.89-2-2-2zm-9 14l-5-5 1.41-1.41L10 14.17l7.59-7.59L19 8l-9 9z"
            />
          </svg>
        </span>
        <span
          class="MuiTouchRipple-root"
        />
      </span>
      <span
        class="MuiTypography-root MuiFormControlLabel-label MuiTypography-body1"
      >
        SNU
      </span>
    </label>
  </div>
</div>
`;
