// Jest Snapshot v1, https://goo.gl/fbAQLP

exports[`<WaitingPage /> SHOULD match with snapshot 1`] = `
<div>
  <div>
    Waiting Page!
  </div>
</div>
`;
