// Jest Snapshot v1, https://goo.gl/fbAQLP

exports[`<App /> SHOULD match with snapshot 1`] = `
<div>
  <div>
    <div
      class="sc-bwzfXH kulSxP"
    >
      <div
        class="makeStyles-root-1"
      >
        <header
          class="MuiPaper-root MuiPaper-elevation4 MuiAppBar-root MuiAppBar-positionStatic MuiAppBar-colorPrimary"
        >
          <div
            class="MuiToolbar-root MuiToolbar-regular MuiToolbar-gutters"
          >
            <h6
              class="MuiTypography-root makeStyles-title-3 MuiTypography-h6"
            >
              Ya-Ta!
            </h6>
          </div>
        </header>
      </div>
      <main
        class="sc-bdVaJa ekJyAd"
      >
        <div
          class="Introduction"
        >
          <p
            class="MuiTypography-root MuiTypography-h1 MuiTypography-paragraph"
          >
            Welcome to YA-TA!
          </p>
          <h3
            class="MuiTypography-root MuiTypography-h3"
          >
            What is yata?
          </h3>
          <p
            class="MuiTypography-root MuiTypography-h5 MuiTypography-paragraph"
          >
            Ya-Ta helps students who need to urgently get to class. Within ten minutes, Ya-Ta groups students with these similar, urgent, needs, and grabs a taxi for them.
          </p>
          <div
            class="startButton"
          >
            <button
              class="MuiButtonBase-root MuiButton-root MuiButton-contained MuiButton-containedPrimary"
              tabindex="0"
              type="button"
            >
              <span
                class="MuiButton-label"
              >
                Start!
              </span>
              <span
                class="MuiTouchRipple-root"
              />
            </button>
          </div>
        </div>
      </main>
    </div>
  </div>
</div>
`;
