// Jest Snapshot v1, https://goo.gl/fbAQLP

exports[`<Heading /> SHOULD match with snapshot 1`] = `
<div>
  <h2
    class="MuiTypography-root MuiTypography-h2"
    title="Heading title"
  >
    Heading title
  </h2>
</div>
`;
