// Jest Snapshot v1, https://goo.gl/fbAQLP

exports[`<DriverFinal /> SHOULD match with snapshot 1`] = `
<div>
  <div
    class="makeStyles-root-1"
  >
    <div
      class="makeStyles-whiteBox-3"
    >
      <div
        class="makeStyles-container-2"
      >
        <h3
          class="MuiTypography-root MuiTypography-h3"
        >
          Total Earning: ₩
          NaN
        </h3>
      </div>
      <div
        class="makeStyles-container-2"
      >
        <h3
          class="MuiTypography-root MuiTypography-h3"
        >
          Current Point: ₩
        </h3>
      </div>
      <div
        class="makeStyles-container-2"
      >
        <h3
          class="MuiTypography-root MuiTypography-h3"
        >
          You earned ₩
          NaN
           more!
        </h3>
      </div>
      <div
        class="makeStyles-container-2"
      >
        <div
          class="makeStyles-button-4"
          fullwidth="false"
          variant="contained"
        >
          Go To Main
        </div>
      </div>
    </div>
  </div>
</div>
`;
