// Jest Snapshot v1, https://goo.gl/fbAQLP

exports[`<UserGroupSectionContainer /> SHOULD match with snapshot 1`] = `
<div>
  <div />
</div>
`;
