// Jest Snapshot v1, https://goo.gl/fbAQLP

exports[`<RequestCallPage /> SHOULD match with snapshot 1`] = `
<div>
  <div
    class="sc-bdVaJa bPGLpq"
  >
    <div
      class="makeStyles-root-1"
    >
      <div
        class="MuiToolbar-root MuiToolbar-regular MuiToolbar-gutters"
      >
        <h4
          class="MuiTypography-root makeStyles-title-3 MuiTypography-h4"
        >
          Ya-Ta!
        </h4>
        <div>
          <button
            aria-controls="menu-appbar"
            aria-haspopup="true"
            aria-label="account of current user"
            class="MuiButtonBase-root MuiIconButton-root MuiIconButton-colorInherit"
            tabindex="0"
            type="button"
          >
            <span
              class="MuiIconButton-label"
            >
              <svg
                aria-hidden="true"
                class="MuiSvgIcon-root"
                focusable="false"
                role="presentation"
                viewBox="0 0 24 24"
              >
                <path
                  d="M12 2C6.48 2 2 6.48 2 12s4.48 10 10 10 10-4.48 10-10S17.52 2 12 2zm0 3c1.66 0 3 1.34 3 3s-1.34 3-3 3-3-1.34-3-3 1.34-3 3-3zm0 14.2c-2.5 0-4.71-1.28-6-3.22.03-1.99 4-3.08 6-3.08 1.99 0 5.97 1.09 6 3.08-1.29 1.94-3.5 3.22-6 3.22z"
                />
              </svg>
            </span>
            <span
              class="MuiTouchRipple-root"
            />
          </button>
        </div>
      </div>
    </div>
    <div
      class="makeStyles-root-63"
    >
      <div
        class="makeStyles-title-64"
      >
        <h2
          class="MuiTypography-root MuiTypography-h2"
          title="We are waiting for carpool group"
        >
          We are waiting for carpool group
        </h2>
      </div>
      <div>
        <div>
          <label
            class="MuiFormControlLabel-root"
            data-testid="STT Mode"
          >
            <span
              aria-disabled="false"
              class="MuiButtonBase-root MuiIconButton-root PrivateSwitchBase-root-80 MuiCheckbox-root MuiCheckbox-colorPrimary MuiIconButton-colorPrimary"
            >
              <span
                class="MuiIconButton-label"
              >
                <input
                  class="PrivateSwitchBase-input-83"
                  data-indeterminate="false"
                  name="STT"
                  type="checkbox"
                  value="STT Mode"
                />
                <svg
                  aria-hidden="true"
                  class="MuiSvgIcon-root"
                  focusable="false"
                  role="presentation"
                  viewBox="0 0 24 24"
                >
                  <path
                    d="M19 5v14H5V5h14m0-2H5c-1.1 0-2 .9-2 2v14c0 1.1.9 2 2 2h14c1.1 0 2-.9 2-2V5c0-1.1-.9-2-2-2z"
                  />
                </svg>
              </span>
              <span
                class="MuiTouchRipple-root"
              />
            </span>
            <span
              class="MuiTypography-root MuiFormControlLabel-label MuiTypography-body1"
            >
              STT Mode
            </span>
          </label>
        </div>
      </div>
    </div>
  </div>
</div>
`;
