// Jest Snapshot v1, https://goo.gl/fbAQLP

exports[`<NotFound /> SHOULD match with snapshot 1`] = `
<div>
  <div
    class="makeStyles-root-1"
  >
    <div
      class="makeStyles-whiteBox-3"
    >
      <div
        class="makeStyles-container-2"
      >
        <h1
          class="MuiTypography-root MuiTypography-h1"
        >
          404
        </h1>
      </div>
      <div
        class="makeStyles-container-2"
      >
        <h1
          class="MuiTypography-root MuiTypography-h1"
        >
          Page Not Found
        </h1>
      </div>
      <div
        class="makeStyles-container-2"
      >
        <h2
          class="MuiTypography-root MuiTypography-h2"
        >
          This is not the page you are looking for
        </h2>
      </div>
      <div
        class="makeStyles-container-2"
      >
        <div
          class="makeStyles-button-4"
          fullwidth="false"
          variant="contained"
        >
          Go Home
        </div>
      </div>
    </div>
  </div>
</div>
`;
