// Jest Snapshot v1, https://goo.gl/fbAQLP

exports[`<CarpoolRequestSectionContainer /> SHOULD match with snapshot 1`] = `
<div>
  <div>
    <button>
      request
    </button>
    <div>
      RequestPage
    </div>
  </div>
</div>
`;
