// Jest Snapshot v1, https://goo.gl/fbAQLP

exports[`<RequestPage /> SHOULD match with snapshot 1`] = `
<div>
  <div>
    Request Page!
  </div>
</div>
`;
