// Jest Snapshot v1, https://goo.gl/fbAQLP

exports[`UserGroup /> SHOULD match with snapshot WHEN all data in 1`] = `
<div>
  <div
    class="sc-bwzfXH uTxCW"
  >
    <main
      class="sc-bdVaJa ekJyAd"
    >
      <h2
        class="MuiTypography-root MuiTypography-h2"
        title="My Group"
      >
        My Group
      </h2>
    </main>
    <main
      class="sc-bdVaJa ekJyAd"
    >
      <div
        class="MuiPaper-root MuiPaper-elevation1 MuiCard-root MuiPaper-rounded"
      >
        <div
          class="MuiCardContent-root"
        >
          <h5
            class="MuiTypography-root MuiTypography-h5 MuiTypography-alignCenter"
          >
            This is where 
            GoogleMap
             will be
          </h5>
        </div>
      </div>
    </main>
    <main
      class="sc-bdVaJa ekJyAd"
    >
      <h4
        class="MuiTypography-root MuiTypography-h4"
      >
        Driver Info
      </h4>
      <h5
        class="MuiTypography-root MuiTypography-h5"
      >
        Name: 
        MockDriver
      </h5>
      <h5
        class="MuiTypography-root MuiTypography-h5"
      >
        Vehicle: 
        BMW
      </h5>
      <h5
        class="MuiTypography-root MuiTypography-h5"
      >
        Plate No.: 
      </h5>
    </main>
    <main
      class="sc-bdVaJa ekJyAd"
    >
      <h4
        class="MuiTypography-root MuiTypography-h4"
      >
        Group Info
      </h4>
      <h5
        class="MuiTypography-root MuiTypography-h5"
      >
        Riders: 
        [ rider1 ] 
        [ rider2 ] 
        [ rider3 ] 
        [ rider4 ] 
         
      </h5>
    </main>
    <main
      class="sc-bdVaJa ekJyAd"
    >
      <h4
        class="MuiTypography-root MuiTypography-h4"
      >
        Time left until departure: 3:00 
      </h4>
    </main>
    <main
      class="sc-bdVaJa ekJyAd"
    >
      <button
        class="MuiButtonBase-root MuiButton-root MuiButton-contained MuiButton-contained"
        tabindex="0"
        type="button"
      >
        <span
          class="MuiButton-label"
        >
          On Taxi
        </span>
        <span
          class="MuiTouchRipple-root"
        />
      </button>
    </main>
  </div>
</div>
`;
