// Jest Snapshot v1, https://goo.gl/fbAQLP

exports[`<FinalPage /> SHOULD match with snapshot 1`] = `<div />`;
