// Jest Snapshot v1, https://goo.gl/fbAQLP

exports[`<Heading /> SHOULD match with snapshot 1`] = `
<div>
  <h1
    class="MuiTypography-root MuiTypography-h1"
    title="Heading title"
  />
</div>
`;
